[0.000000] (-) TimerEvent: {}
[0.000081] (ana) JobQueued: {'identifier': 'ana', 'dependencies': OrderedDict()}
[0.000119] (my_python_pkg) JobQueued: {'identifier': 'my_python_pkg', 'dependencies': OrderedDict()}
[0.000148] (ana) JobStarted: {'identifier': 'ana'}
[0.005101] (my_python_pkg) JobStarted: {'identifier': 'my_python_pkg'}
[0.009411] (ana) JobProgress: {'identifier': 'ana', 'progress': 'cmake'}
[0.009526] (ana) Command: {'cmd': ['/usr/bin/cmake', '/home/aidan/ros2_ws/src/ana', '-DCMAKE_INSTALL_PREFIX=/home/aidan/ros2_ws/install/ana'], 'cwd': '/home/aidan/ros2_ws/build/ana', 'env': OrderedDict([('LESSOPEN', '| /usr/bin/lesspipe %s'), ('USER', 'aidan'), ('XDG_SESSION_TYPE', 'x11'), ('SHLVL', '1'), ('LD_LIBRARY_PATH', '/opt/ros/humble/opt/rviz_ogre_vendor/lib:/opt/ros/humble/lib/x86_64-linux-gnu:/opt/ros/humble/lib'), ('HOME', '/home/aidan'), ('OLDPWD', '/home/aidan'), ('DESKTOP_SESSION', 'ubuntu'), ('ROS_PYTHON_VERSION', '3'), ('GNOME_SHELL_SESSION_MODE', 'ubuntu'), ('GTK_MODULES', 'gail:atk-bridge'), ('SYSTEMD_EXEC_PID', '2273'), ('DBUS_SESSION_BUS_ADDRESS', 'unix:path=/run/user/1000/bus'), ('COLORTERM', 'truecolor'), ('ROS_DISTRO', 'humble'), ('GTK_IM_MODULE', 'ibus'), ('LOGNAME', 'aidan'), ('_', '/usr/bin/colcon'), ('ROS_VERSION', '2'), ('XDG_SESSION_CLASS', 'user'), ('USERNAME', 'aidan'), ('TERM', 'xterm-256color'), ('GNOME_DESKTOP_SESSION_ID', 'this-is-deprecated'), ('ROS_LOCALHOST_ONLY', '0'), ('WINDOWPATH', '2'), ('PATH', '/opt/ros/humble/bin:/usr/local/sbin:/usr/local/bin:/usr/sbin:/usr/bin:/sbin:/bin:/usr/games:/usr/local/games:/snap/bin:/snap/bin'), ('SESSION_MANAGER', 'local/aidan-Z390-AORUS-MASTER:@/tmp/.ICE-unix/2245,unix/aidan-Z390-AORUS-MASTER:/tmp/.ICE-unix/2245'), ('XDG_MENU_PREFIX', 'gnome-'), ('GNOME_TERMINAL_SCREEN', '/org/gnome/Terminal/screen/c6cbaf5c_9dc7_47a0_9c83_77ab080937d3'), ('XDG_RUNTIME_DIR', '/run/user/1000'), ('DISPLAY', ':1'), ('LANG', 'en_US.UTF-8'), ('XDG_CURRENT_DESKTOP', 'ubuntu:GNOME'), ('XMODIFIERS', '@im=ibus'), ('XDG_SESSION_DESKTOP', 'ubuntu'), ('XAUTHORITY', '/run/user/1000/gdm/Xauthority'), ('LS_COLORS', 'rs=0:di=01;34:ln=01;36:mh=00:pi=40;33:so=01;35:do=01;35:bd=40;33;01:cd=40;33;01:or=40;31;01:mi=00:su=37;41:sg=30;43:ca=30;41:tw=30;42:ow=34;42:st=37;44:ex=01;32:*.tar=01;31:*.tgz=01;31:*.arc=01;31:*.arj=01;31:*.taz=01;31:*.lha=01;31:*.lz4=01;31:*.lzh=01;31:*.lzma=01;31:*.tlz=01;31:*.txz=01;31:*.tzo=01;31:*.t7z=01;31:*.zip=01;31:*.z=01;31:*.dz=01;31:*.gz=01;31:*.lrz=01;31:*.lz=01;31:*.lzo=01;31:*.xz=01;31:*.zst=01;31:*.tzst=01;31:*.bz2=01;31:*.bz=01;31:*.tbz=01;31:*.tbz2=01;31:*.tz=01;31:*.deb=01;31:*.rpm=01;31:*.jar=01;31:*.war=01;31:*.ear=01;31:*.sar=01;31:*.rar=01;31:*.alz=01;31:*.ace=01;31:*.zoo=01;31:*.cpio=01;31:*.7z=01;31:*.rz=01;31:*.cab=01;31:*.wim=01;31:*.swm=01;31:*.dwm=01;31:*.esd=01;31:*.jpg=01;35:*.jpeg=01;35:*.mjpg=01;35:*.mjpeg=01;35:*.gif=01;35:*.bmp=01;35:*.pbm=01;35:*.pgm=01;35:*.ppm=01;35:*.tga=01;35:*.xbm=01;35:*.xpm=01;35:*.tif=01;35:*.tiff=01;35:*.png=01;35:*.svg=01;35:*.svgz=01;35:*.mng=01;35:*.pcx=01;35:*.mov=01;35:*.mpg=01;35:*.mpeg=01;35:*.m2v=01;35:*.mkv=01;35:*.webm=01;35:*.webp=01;35:*.ogm=01;35:*.mp4=01;35:*.m4v=01;35:*.mp4v=01;35:*.vob=01;35:*.qt=01;35:*.nuv=01;35:*.wmv=01;35:*.asf=01;35:*.rm=01;35:*.rmvb=01;35:*.flc=01;35:*.avi=01;35:*.fli=01;35:*.flv=01;35:*.gl=01;35:*.dl=01;35:*.xcf=01;35:*.xwd=01;35:*.yuv=01;35:*.cgm=01;35:*.emf=01;35:*.ogv=01;35:*.ogx=01;35:*.aac=00;36:*.au=00;36:*.flac=00;36:*.m4a=00;36:*.mid=00;36:*.midi=00;36:*.mka=00;36:*.mp3=00;36:*.mpc=00;36:*.ogg=00;36:*.ra=00;36:*.wav=00;36:*.oga=00;36:*.opus=00;36:*.spx=00;36:*.xspf=00;36:'), ('GNOME_TERMINAL_SERVICE', ':1.189'), ('SSH_AGENT_LAUNCHER', 'gnome-keyring'), ('SSH_AUTH_SOCK', '/run/user/1000/keyring/ssh'), ('AMENT_PREFIX_PATH', '/opt/ros/humble'), ('SHELL', '/bin/bash'), ('QT_ACCESSIBILITY', '1'), ('GDMSESSION', 'ubuntu'), ('LESSCLOSE', '/usr/bin/lesspipe %s %s'), ('GPG_AGENT_INFO', '/run/user/1000/gnupg/S.gpg-agent:0:1'), ('QT_IM_MODULE', 'ibus'), ('PWD', '/home/aidan/ros2_ws/build/ana'), ('LC_ALL', 'en_US.UTF-8'), ('XDG_CONFIG_DIRS', '/etc/xdg/xdg-ubuntu:/etc/xdg'), ('XDG_DATA_DIRS', '/usr/share/ubuntu:/usr/share/gnome:/usr/local/share/:/usr/share/:/var/lib/snapd/desktop'), ('PYTHONPATH', '/opt/ros/humble/lib/python3.10/site-packages:/opt/ros/humble/local/lib/python3.10/dist-packages'), ('COLCON', '1'), ('VTE_VERSION', '6800')]), 'shell': False}
[0.099632] (-) TimerEvent: {}
[0.100274] (ana) StdoutLine: {'line': b'-- The C compiler identification is GNU 11.4.0\n'}
[0.167535] (ana) StdoutLine: {'line': b'-- The CXX compiler identification is GNU 11.4.0\n'}
[0.174516] (ana) StdoutLine: {'line': b'-- Detecting C compiler ABI info\n'}
[0.199752] (-) TimerEvent: {}
[0.220134] (ana) StdoutLine: {'line': b'-- Detecting C compiler ABI info - done\n'}
[0.225534] (ana) StdoutLine: {'line': b'-- Check for working C compiler: /usr/bin/cc - skipped\n'}
[0.225948] (ana) StdoutLine: {'line': b'-- Detecting C compile features\n'}
[0.226483] (ana) StdoutLine: {'line': b'-- Detecting C compile features - done\n'}
[0.228939] (ana) StdoutLine: {'line': b'-- Detecting CXX compiler ABI info\n'}
[0.279454] (ana) StdoutLine: {'line': b'-- Detecting CXX compiler ABI info - done\n'}
[0.285059] (ana) StdoutLine: {'line': b'-- Check for working CXX compiler: /usr/bin/c++ - skipped\n'}
[0.285252] (ana) StdoutLine: {'line': b'-- Detecting CXX compile features\n'}
[0.285571] (ana) StdoutLine: {'line': b'-- Detecting CXX compile features - done\n'}
[0.288512] (ana) StdoutLine: {'line': b'-- Found ament_cmake: 1.3.8 (/opt/ros/humble/share/ament_cmake/cmake)\n'}
[0.299839] (-) TimerEvent: {}
[0.391461] (ana) StdoutLine: {'line': b'-- Found Python3: /usr/bin/python3 (found version "3.10.12") found components: Interpreter \n'}
[0.399943] (-) TimerEvent: {}
[0.461144] (my_python_pkg) Command: {'cmd': ['/usr/bin/python3', '-W', 'ignore:setup.py install is deprecated', 'setup.py', 'egg_info', '--egg-base', '../../build/my_python_pkg', 'build', '--build-base', '/home/aidan/ros2_ws/build/my_python_pkg/build', 'install', '--record', '/home/aidan/ros2_ws/build/my_python_pkg/install.log', '--single-version-externally-managed', 'install_data'], 'cwd': '/home/aidan/ros2_ws/src/my_python_pkg', 'env': {'LESSOPEN': '| /usr/bin/lesspipe %s', 'USER': 'aidan', 'XDG_SESSION_TYPE': 'x11', 'SHLVL': '1', 'LD_LIBRARY_PATH': '/opt/ros/humble/opt/rviz_ogre_vendor/lib:/opt/ros/humble/lib/x86_64-linux-gnu:/opt/ros/humble/lib', 'HOME': '/home/aidan', 'OLDPWD': '/home/aidan', 'DESKTOP_SESSION': 'ubuntu', 'ROS_PYTHON_VERSION': '3', 'GNOME_SHELL_SESSION_MODE': 'ubuntu', 'GTK_MODULES': 'gail:atk-bridge', 'SYSTEMD_EXEC_PID': '2273', 'DBUS_SESSION_BUS_ADDRESS': 'unix:path=/run/user/1000/bus', 'COLORTERM': 'truecolor', 'ROS_DISTRO': 'humble', 'GTK_IM_MODULE': 'ibus', 'LOGNAME': 'aidan', '_': '/usr/bin/colcon', 'ROS_VERSION': '2', 'XDG_SESSION_CLASS': 'user', 'USERNAME': 'aidan', 'TERM': 'xterm-256color', 'GNOME_DESKTOP_SESSION_ID': 'this-is-deprecated', 'ROS_LOCALHOST_ONLY': '0', 'WINDOWPATH': '2', 'PATH': '/opt/ros/humble/bin:/usr/local/sbin:/usr/local/bin:/usr/sbin:/usr/bin:/sbin:/bin:/usr/games:/usr/local/games:/snap/bin:/snap/bin', 'SESSION_MANAGER': 'local/aidan-Z390-AORUS-MASTER:@/tmp/.ICE-unix/2245,unix/aidan-Z390-AORUS-MASTER:/tmp/.ICE-unix/2245', 'XDG_MENU_PREFIX': 'gnome-', 'GNOME_TERMINAL_SCREEN': '/org/gnome/Terminal/screen/c6cbaf5c_9dc7_47a0_9c83_77ab080937d3', 'XDG_RUNTIME_DIR': '/run/user/1000', 'DISPLAY': ':1', 'LANG': 'en_US.UTF-8', 'XDG_CURRENT_DESKTOP': 'ubuntu:GNOME', 'XMODIFIERS': '@im=ibus', 'XDG_SESSION_DESKTOP': 'ubuntu', 'XAUTHORITY': '/run/user/1000/gdm/Xauthority', 'LS_COLORS': 'rs=0:di=01;34:ln=01;36:mh=00:pi=40;33:so=01;35:do=01;35:bd=40;33;01:cd=40;33;01:or=40;31;01:mi=00:su=37;41:sg=30;43:ca=30;41:tw=30;42:ow=34;42:st=37;44:ex=01;32:*.tar=01;31:*.tgz=01;31:*.arc=01;31:*.arj=01;31:*.taz=01;31:*.lha=01;31:*.lz4=01;31:*.lzh=01;31:*.lzma=01;31:*.tlz=01;31:*.txz=01;31:*.tzo=01;31:*.t7z=01;31:*.zip=01;31:*.z=01;31:*.dz=01;31:*.gz=01;31:*.lrz=01;31:*.lz=01;31:*.lzo=01;31:*.xz=01;31:*.zst=01;31:*.tzst=01;31:*.bz2=01;31:*.bz=01;31:*.tbz=01;31:*.tbz2=01;31:*.tz=01;31:*.deb=01;31:*.rpm=01;31:*.jar=01;31:*.war=01;31:*.ear=01;31:*.sar=01;31:*.rar=01;31:*.alz=01;31:*.ace=01;31:*.zoo=01;31:*.cpio=01;31:*.7z=01;31:*.rz=01;31:*.cab=01;31:*.wim=01;31:*.swm=01;31:*.dwm=01;31:*.esd=01;31:*.jpg=01;35:*.jpeg=01;35:*.mjpg=01;35:*.mjpeg=01;35:*.gif=01;35:*.bmp=01;35:*.pbm=01;35:*.pgm=01;35:*.ppm=01;35:*.tga=01;35:*.xbm=01;35:*.xpm=01;35:*.tif=01;35:*.tiff=01;35:*.png=01;35:*.svg=01;35:*.svgz=01;35:*.mng=01;35:*.pcx=01;35:*.mov=01;35:*.mpg=01;35:*.mpeg=01;35:*.m2v=01;35:*.mkv=01;35:*.webm=01;35:*.webp=01;35:*.ogm=01;35:*.mp4=01;35:*.m4v=01;35:*.mp4v=01;35:*.vob=01;35:*.qt=01;35:*.nuv=01;35:*.wmv=01;35:*.asf=01;35:*.rm=01;35:*.rmvb=01;35:*.flc=01;35:*.avi=01;35:*.fli=01;35:*.flv=01;35:*.gl=01;35:*.dl=01;35:*.xcf=01;35:*.xwd=01;35:*.yuv=01;35:*.cgm=01;35:*.emf=01;35:*.ogv=01;35:*.ogx=01;35:*.aac=00;36:*.au=00;36:*.flac=00;36:*.m4a=00;36:*.mid=00;36:*.midi=00;36:*.mka=00;36:*.mp3=00;36:*.mpc=00;36:*.ogg=00;36:*.ra=00;36:*.wav=00;36:*.oga=00;36:*.opus=00;36:*.spx=00;36:*.xspf=00;36:', 'GNOME_TERMINAL_SERVICE': ':1.189', 'SSH_AGENT_LAUNCHER': 'gnome-keyring', 'SSH_AUTH_SOCK': '/run/user/1000/keyring/ssh', 'AMENT_PREFIX_PATH': '/opt/ros/humble', 'SHELL': '/bin/bash', 'QT_ACCESSIBILITY': '1', 'GDMSESSION': 'ubuntu', 'LESSCLOSE': '/usr/bin/lesspipe %s %s', 'GPG_AGENT_INFO': '/run/user/1000/gnupg/S.gpg-agent:0:1', 'QT_IM_MODULE': 'ibus', 'PWD': '/home/aidan/ros2_ws/build/my_python_pkg', 'LC_ALL': 'en_US.UTF-8', 'XDG_CONFIG_DIRS': '/etc/xdg/xdg-ubuntu:/etc/xdg', 'XDG_DATA_DIRS': '/usr/share/ubuntu:/usr/share/gnome:/usr/local/share/:/usr/share/:/var/lib/snapd/desktop', 'PYTHONPATH': '/home/aidan/ros2_ws/build/my_python_pkg/prefix_override:/home/aidan/ros2_ws/install/my_python_pkg/lib/python3.10/site-packages:/opt/ros/humble/lib/python3.10/site-packages:/opt/ros/humble/local/lib/python3.10/dist-packages', 'COLCON': '1', 'VTE_VERSION': '6800'}, 'shell': False}
[0.461885] (ana) StdoutLine: {'line': b'-- Found rclcpp: 16.0.8 (/opt/ros/humble/share/rclcpp/cmake)\n'}
[0.499957] (ana) StdoutLine: {'line': b'-- Found rosidl_generator_c: 3.1.5 (/opt/ros/humble/share/rosidl_generator_c/cmake)\n'}
[0.500059] (-) TimerEvent: {}
[0.504354] (ana) StdoutLine: {'line': b'-- Found rosidl_adapter: 3.1.5 (/opt/ros/humble/share/rosidl_adapter/cmake)\n'}
[0.512290] (ana) StdoutLine: {'line': b'-- Found rosidl_generator_cpp: 3.1.5 (/opt/ros/humble/share/rosidl_generator_cpp/cmake)\n'}
[0.525084] (ana) StdoutLine: {'line': b'-- Using all available rosidl_typesupport_c: rosidl_typesupport_fastrtps_c;rosidl_typesupport_introspection_c\n'}
[0.542042] (ana) StdoutLine: {'line': b'-- Using all available rosidl_typesupport_cpp: rosidl_typesupport_fastrtps_cpp;rosidl_typesupport_introspection_cpp\n'}
[0.600160] (-) TimerEvent: {}
[0.601416] (ana) StdoutLine: {'line': b'-- Found rmw_implementation_cmake: 6.1.1 (/opt/ros/humble/share/rmw_implementation_cmake/cmake)\n'}
[0.603897] (ana) StdoutLine: {'line': b'-- Found rmw_fastrtps_cpp: 6.2.6 (/opt/ros/humble/share/rmw_fastrtps_cpp/cmake)\n'}
[0.633925] (my_python_pkg) StdoutLine: {'line': b'running egg_info\n'}
[0.634311] (my_python_pkg) StdoutLine: {'line': b'creating ../../build/my_python_pkg/my_python_pkg.egg-info\n'}
[0.634463] (my_python_pkg) StdoutLine: {'line': b'writing ../../build/my_python_pkg/my_python_pkg.egg-info/PKG-INFO\n'}
[0.634589] (my_python_pkg) StdoutLine: {'line': b'writing dependency_links to ../../build/my_python_pkg/my_python_pkg.egg-info/dependency_links.txt\n'}
[0.634683] (my_python_pkg) StdoutLine: {'line': b'writing entry points to ../../build/my_python_pkg/my_python_pkg.egg-info/entry_points.txt\n'}
[0.634733] (my_python_pkg) StdoutLine: {'line': b'writing requirements to ../../build/my_python_pkg/my_python_pkg.egg-info/requires.txt\n'}
[0.634782] (my_python_pkg) StdoutLine: {'line': b'writing top-level names to ../../build/my_python_pkg/my_python_pkg.egg-info/top_level.txt\n'}
[0.634847] (my_python_pkg) StdoutLine: {'line': b"writing manifest file '../../build/my_python_pkg/my_python_pkg.egg-info/SOURCES.txt'\n"}
[0.635807] (my_python_pkg) StdoutLine: {'line': b"reading manifest file '../../build/my_python_pkg/my_python_pkg.egg-info/SOURCES.txt'\n"}
[0.636269] (my_python_pkg) StdoutLine: {'line': b"writing manifest file '../../build/my_python_pkg/my_python_pkg.egg-info/SOURCES.txt'\n"}
[0.636490] (my_python_pkg) StdoutLine: {'line': b'running build\n'}
[0.636659] (my_python_pkg) StdoutLine: {'line': b'running build_py\n'}
[0.636774] (my_python_pkg) StdoutLine: {'line': b'creating /home/aidan/ros2_ws/build/my_python_pkg/build\n'}
[0.636841] (my_python_pkg) StdoutLine: {'line': b'creating /home/aidan/ros2_ws/build/my_python_pkg/build/lib\n'}
[0.636888] (my_python_pkg) StdoutLine: {'line': b'creating /home/aidan/ros2_ws/build/my_python_pkg/build/lib/my_python_pkg\n'}
[0.636935] (my_python_pkg) StdoutLine: {'line': b'copying my_python_pkg/arduino_serial.py -> /home/aidan/ros2_ws/build/my_python_pkg/build/lib/my_python_pkg\n'}
[0.637003] (my_python_pkg) StdoutLine: {'line': b'copying my_python_pkg/motor_control.py -> /home/aidan/ros2_ws/build/my_python_pkg/build/lib/my_python_pkg\n'}
[0.637048] (my_python_pkg) StdoutLine: {'line': b'copying my_python_pkg/__init__.py -> /home/aidan/ros2_ws/build/my_python_pkg/build/lib/my_python_pkg\n'}
[0.637090] (my_python_pkg) StdoutLine: {'line': b'running install\n'}
[0.637149] (my_python_pkg) StdoutLine: {'line': b'running install_lib\n'}
[0.638195] (my_python_pkg) StdoutLine: {'line': b'creating /home/aidan/ros2_ws/install/my_python_pkg/lib/python3.10/site-packages/my_python_pkg\n'}
[0.638334] (my_python_pkg) StdoutLine: {'line': b'copying /home/aidan/ros2_ws/build/my_python_pkg/build/lib/my_python_pkg/arduino_serial.py -> /home/aidan/ros2_ws/install/my_python_pkg/lib/python3.10/site-packages/my_python_pkg\n'}
[0.638468] (my_python_pkg) StdoutLine: {'line': b'copying /home/aidan/ros2_ws/build/my_python_pkg/build/lib/my_python_pkg/motor_control.py -> /home/aidan/ros2_ws/install/my_python_pkg/lib/python3.10/site-packages/my_python_pkg\n'}
[0.638625] (my_python_pkg) StdoutLine: {'line': b'copying /home/aidan/ros2_ws/build/my_python_pkg/build/lib/my_python_pkg/__init__.py -> /home/aidan/ros2_ws/install/my_python_pkg/lib/python3.10/site-packages/my_python_pkg\n'}
[0.638844] (my_python_pkg) StdoutLine: {'line': b'byte-compiling /home/aidan/ros2_ws/install/my_python_pkg/lib/python3.10/site-packages/my_python_pkg/arduino_serial.py to arduino_serial.cpython-310.pyc\n'}
[0.639390] (my_python_pkg) StdoutLine: {'line': b'byte-compiling /home/aidan/ros2_ws/install/my_python_pkg/lib/python3.10/site-packages/my_python_pkg/motor_control.py to motor_control.cpython-310.pyc\n'}
[0.640057] (my_python_pkg) StdoutLine: {'line': b'byte-compiling /home/aidan/ros2_ws/install/my_python_pkg/lib/python3.10/site-packages/my_python_pkg/__init__.py to __init__.cpython-310.pyc\n'}
[0.640218] (my_python_pkg) StdoutLine: {'line': b'running install_data\n'}
[0.640438] (my_python_pkg) StdoutLine: {'line': b'creating /home/aidan/ros2_ws/install/my_python_pkg/share/ament_index\n'}
[0.640532] (my_python_pkg) StdoutLine: {'line': b'creating /home/aidan/ros2_ws/install/my_python_pkg/share/ament_index/resource_index\n'}
[0.640585] (my_python_pkg) StdoutLine: {'line': b'creating /home/aidan/ros2_ws/install/my_python_pkg/share/ament_index/resource_index/packages\n'}
[0.640634] (my_python_pkg) StdoutLine: {'line': b'copying resource/my_python_pkg -> /home/aidan/ros2_ws/install/my_python_pkg/share/ament_index/resource_index/packages\n'}
[0.640703] (my_python_pkg) StdoutLine: {'line': b'copying package.xml -> /home/aidan/ros2_ws/install/my_python_pkg/share/my_python_pkg\n'}
[0.640763] (my_python_pkg) StdoutLine: {'line': b'running install_egg_info\n'}
[0.641596] (my_python_pkg) StdoutLine: {'line': b'Copying ../../build/my_python_pkg/my_python_pkg.egg-info to /home/aidan/ros2_ws/install/my_python_pkg/lib/python3.10/site-packages/my_python_pkg-0.0.0-py3.10.egg-info\n'}
[0.642292] (my_python_pkg) StdoutLine: {'line': b'running install_scripts\n'}
[0.656118] (my_python_pkg) StdoutLine: {'line': b'Installing arduino_serial script to /home/aidan/ros2_ws/install/my_python_pkg/lib/my_python_pkg\n'}
[0.656327] (my_python_pkg) StdoutLine: {'line': b'Installing motor_control script to /home/aidan/ros2_ws/install/my_python_pkg/lib/my_python_pkg\n'}
[0.656576] (my_python_pkg) StdoutLine: {'line': b"writing list of installed files to '/home/aidan/ros2_ws/build/my_python_pkg/install.log'\n"}
[0.671145] (my_python_pkg) CommandEnded: {'returncode': 0}
[0.674722] (ana) StdoutLine: {'line': b'-- Found OpenSSL: /usr/lib/x86_64-linux-gnu/libcrypto.so (found version "3.0.2")  \n'}
[0.680855] (my_python_pkg) JobEnded: {'identifier': 'my_python_pkg', 'rc': 0}
[0.693573] (ana) StdoutLine: {'line': b'-- Found FastRTPS: /opt/ros/humble/include  \n'}
[0.700249] (-) TimerEvent: {}
[0.726435] (ana) StdoutLine: {'line': b"-- Using RMW implementation 'rmw_fastrtps_cpp' as default\n"}
[0.734807] (ana) StdoutLine: {'line': b'-- Looking for pthread.h\n'}
[0.784199] (ana) StdoutLine: {'line': b'-- Looking for pthread.h - found\n'}
[0.784466] (ana) StdoutLine: {'line': b'-- Performing Test CMAKE_HAVE_LIBC_PTHREAD\n'}
[0.800359] (-) TimerEvent: {}
[0.828911] (ana) StdoutLine: {'line': b'-- Performing Test CMAKE_HAVE_LIBC_PTHREAD - Success\n'}
[0.829606] (ana) StdoutLine: {'line': b'-- Found Threads: TRUE  \n'}
[0.900450] (-) TimerEvent: {}
[0.959415] (ana) StdoutLine: {'line': b'-- Found ament_lint_auto: 0.12.10 (/opt/ros/humble/share/ament_lint_auto/cmake)\n'}
[0.994929] (ana) StderrLine: {'line': b"Error parsing '/home/aidan/ros2_ws/src/ana/package.xml':\n"}
[1.000545] (-) TimerEvent: {}
[1.025211] (ana) StderrLine: {'line': b'Traceback (most recent call last):\n'}
[1.025307] (ana) StderrLine: {'line': b'  File "/usr/lib/python3/dist-packages/catkin_pkg/package.py", line 610, in parse_package_string\n'}
[1.025497] (ana) StderrLine: {'line': b'    root = dom.parseString(data)\n'}
[1.025563] (ana) StderrLine: {'line': b'  File "/usr/lib/python3.10/xml/dom/minidom.py", line 2000, in parseString\n'}
[1.025988] (ana) StderrLine: {'line': b'    return expatbuilder.parseString(string)\n'}
[1.026068] (ana) StderrLine: {'line': b'  File "/usr/lib/python3.10/xml/dom/expatbuilder.py", line 925, in parseString\n'}
[1.026430] (ana) StderrLine: {'line': b'    return builder.parseString(string)\n'}
[1.026583] (ana) StderrLine: {'line': b'  File "/usr/lib/python3.10/xml/dom/expatbuilder.py", line 223, in parseString\n'}
[1.026712] (ana) StderrLine: {'line': b'    parser.Parse(string, True)\n'}
[1.026785] (ana) StderrLine: {'line': b'xml.parsers.expat.ExpatError: XML or text declaration not at start of entity: line 4, column 0\n'}
[1.027010] (ana) StderrLine: {'line': b'\n'}
[1.027062] (ana) StderrLine: {'line': b'During handling of the above exception, another exception occurred:\n'}
[1.027108] (ana) StderrLine: {'line': b'\n'}
[1.027151] (ana) StderrLine: {'line': b'Traceback (most recent call last):\n'}
[1.027234] (ana) StderrLine: {'line': b'  File "/opt/ros/humble/share/ament_cmake_core/cmake/core/package_xml_2_cmake.py", line 150, in <module>\n'}
[1.027278] (ana) StderrLine: {'line': b'    main()\n'}
[1.027320] (ana) StderrLine: {'line': b'  File "/opt/ros/humble/share/ament_cmake_core/cmake/core/package_xml_2_cmake.py", line 53, in main\n'}
[1.027384] (ana) StderrLine: {'line': b'    raise e\n'}
[1.027467] (ana) StderrLine: {'line': b'  File "/opt/ros/humble/share/ament_cmake_core/cmake/core/package_xml_2_cmake.py", line 49, in main\n'}
[1.027527] (ana) StderrLine: {'line': b'    package = parse_package_string(\n'}
[1.027568] (ana) StderrLine: {'line': b'  File "/usr/lib/python3/dist-packages/catkin_pkg/package.py", line 612, in parse_package_string\n'}
[1.027609] (ana) StderrLine: {'line': b"    raise InvalidPackage('The manifest contains invalid XML:\\n%s' % ex, filename)\n"}
[1.027650] (ana) StderrLine: {'line': b"catkin_pkg.package.InvalidPackage: Error(s) in package '/home/aidan/ros2_ws/src/ana/package.xml':\n"}
[1.027692] (ana) StderrLine: {'line': b'The manifest contains invalid XML:\n'}
[1.027752] (ana) StderrLine: {'line': b'XML or text declaration not at start of entity: line 4, column 0\n'}
[1.035951] (ana) StderrLine: {'line': b'\x1b[31mCMake Error at /opt/ros/humble/share/ament_cmake_core/cmake/core/ament_package_xml.cmake:95 (message):\n'}
[1.036085] (ana) StderrLine: {'line': b'  execute_process(/usr/bin/python3\n'}
[1.036136] (ana) StderrLine: {'line': b'  /opt/ros/humble/share/ament_cmake_core/cmake/core/package_xml_2_cmake.py\n'}
[1.036181] (ana) StderrLine: {'line': b'  /home/aidan/ros2_ws/src/ana/package.xml\n'}
[1.036224] (ana) StderrLine: {'line': b'  /home/aidan/ros2_ws/build/ana/ament_cmake_core/package.cmake) returned\n'}
[1.036266] (ana) StderrLine: {'line': b'  error code 1\n'}
[1.036307] (ana) StderrLine: {'line': b'Call Stack (most recent call first):\n'}
[1.036350] (ana) StderrLine: {'line': b'  /opt/ros/humble/share/ament_cmake_core/cmake/core/ament_package_xml.cmake:49 (_ament_package_xml)\n'}
[1.036393] (ana) StderrLine: {'line': b'  /opt/ros/humble/share/ament_lint_auto/cmake/ament_lint_auto_find_test_dependencies.cmake:31 (ament_package_xml)\n'}
[1.036435] (ana) StderrLine: {'line': b'  CMakeLists.txt:43 (ament_lint_auto_find_test_dependencies)\n'}
[1.036477] (ana) StderrLine: {'line': b'\n'}
[1.036519] (ana) StderrLine: {'line': b'\x1b[0m\n'}
[1.036637] (ana) StdoutLine: {'line': b'-- Configuring incomplete, errors occurred!\n'}
[1.036738] (ana) StdoutLine: {'line': b'See also "/home/aidan/ros2_ws/build/ana/CMakeFiles/CMakeOutput.log".\n'}
[1.042355] (ana) CommandEnded: {'returncode': 1}
[1.042782] (ana) JobEnded: {'identifier': 'ana', 'rc': 1}
[1.052865] (-) EventReactorShutdown: {}
